BL51 BANKED LINKER/LOCATER V6.22.2.0                                                    08/28/2020  19:41:37  PAGE 1


BL51 BANKED LINKER/LOCATER V6.22.2.0, INVOKED BY:
C:\KEIL_V5\C51\BIN\BL51.EXE .\Objects\kod.obj TO .\Objects\kod PRINT (.\Listings\kod.m51) RAMSIZE (256)


INPUT MODULES INCLUDED:
  .\Objects\kod.obj (KOD)


LINK MAP OF MODULE:  .\Objects\kod (KOD)


            TYPE    BASE      LENGTH    RELOCATION   SEGMENT NAME
            -----------------------------------------------------

            * * * * * * *   D A T A   M E M O R Y   * * * * * * *
            REG     0000H     0008H     ABSOLUTE     "REG BANK 0"

            * * * * * * *   C O D E   M E M O R Y   * * * * * * *
            CODE    0000H     0089H     ABSOLUTE     



SYMBOL TABLE OF MODULE:  .\Objects\kod (KOD)

  VALUE           TYPE          NAME
  ----------------------------------

  -------         MODULE        KOD
  C:0030H         SYMBOL        BASLA
  B:00A8H.7       SYMBOL        EA
  B:00A8H.1       SYMBOL        ET0
  D:0080H         SYMBOL        P0
  D:0090H         SYMBOL        P1
  D:00A0H         SYMBOL        P2
  C:0086H         SYMBOL        PORTTERS
  B:0088H.5       SYMBOL        TF0
  D:008CH         SYMBOL        TH0
  C:003CH         SYMBOL        TIMER
  D:0089H         SYMBOL        TMOD
  B:0088H.4       SYMBOL        TR0
  C:004EH         SYMBOL        YAK
  C:007DH         SYMBOL        ZAMANLAYICI
  C:0000H         LINE#         2
  C:000BH         LINE#         4
  C:0030H         LINE#         7
  C:0033H         LINE#         8
  C:0036H         LINE#         9
  C:0038H         LINE#         10
  C:003AH         LINE#         11
  C:003CH         LINE#         14
  C:003EH         LINE#         15
  C:0040H         LINE#         16
  C:0042H         LINE#         17
  C:0044H         LINE#         18
  C:0047H         LINE#         19
  C:004AH         LINE#         20
  C:004CH         LINE#         21
  C:004EH         LINE#         24
BL51 BANKED LINKER/LOCATER V6.22.2.0                                                  08/28/2020  19:41:37  PAGE 2


  C:0051H         LINE#         25
  C:0054H         LINE#         26
  C:0057H         LINE#         27
  C:005AH         LINE#         28
  C:005DH         LINE#         29
  C:0060H         LINE#         30
  C:0063H         LINE#         31
  C:0066H         LINE#         32
  C:0069H         LINE#         33
  C:006CH         LINE#         34
  C:006FH         LINE#         35
  C:0072H         LINE#         36
  C:0075H         LINE#         37
  C:0078H         LINE#         38
  C:007BH         LINE#         39
  C:007DH         LINE#         41
  C:007FH         LINE#         42
  C:0081H         LINE#         43
  C:0083H         LINE#         44
  C:0085H         LINE#         45
  C:0086H         LINE#         47
  C:0087H         LINE#         48
  -------         ENDMOD        KOD

******************************************************************************
* RESTRICTED VERSION WITH 0800H BYTE CODE SIZE LIMIT; USED: 005DH BYTE ( 4%) *
******************************************************************************

Program Size: data=8.0 xdata=0 code=137
LINK/LOCATE RUN COMPLETE.  0 WARNING(S),  0 ERROR(S)
